[
  "2sZunZAWb9ZlcMFti8A4bq",
  "cJhz9PiHpzhDJ_qdQNLV_U",
  "GnG6RBk5dCGIk1mBNbdx_6",
  "PIqubr7Tz-xQ6cIT-f939-",
  "FYuPMxNjFpth4qhpYhtBXs",
  "AjQd2cFWpdE_6QZfx4SF7z",
  "dbTojL-iXEZS7Y2r9MkGDH",
  "hKJOURxw--axRypU5ZX0O2"
]