[
  "Strings",
  "Ints",
  "Floats",
  "Nulls",
  "Booleans",
  "JO",
  "JA",
  "JV"
]