[
  [
    "Zero",
    0,
    0.01,
    null,
    false,
    {
      "a": {
        "b": 0
      }
    },
    [
      0,
      1,
      [
        2,
        3
      ]
    ],
    0
  ],
  [
    "One",
    1,
    1.01,
    null,
    true,
    {
      "a": {
        "b": 1
      }
    },
    [
      1,
      2,
      [
        3,
        4
      ]
    ],
    "One"
  ],
  [
    "Two",
    2,
    2.02,
    null,
    false,
    {
      "a": {
        "b": 2
      }
    },
    [
      2,
      3,
      [
        4,
        5
      ]
    ],
    {
      "a": 2
    }
  ]
]