[
  "stringCol",
  "intCol",
  "floatCol",
  "nullCol",
  "booleanCol",
  "jsonObjectCol",
  "jsonArrayCol",
  "jsonValueCol"
]