[
  "String values",
  "Int values",
  "Float values",
  "Null values",
  "Boolean values",
  "Json objects",
  "Array values",
  "Json values"
]