{
  "columns": [],
  "addresses": [],
  "aliases": [],
  "addressHashes": [],
  "addressSegments": []
}