[
  "string",
  "number",
  "number",
  "jsonValue",
  "boolean",
  "json",
  "jsonArray",
  "jsonValue"
]