[
  "One",
  1,
  1.01,
  null,
  true,
  {
    "a": {
      "b": 1,
      "_hash": "647TzLUCMJO1b0kKRlAeiN"
    },
    "_hash": "aGyCrR_fCrzMa6oP_6N50z"
  },
  [
    1,
    2,
    [
      3,
      4
    ]
  ],
  "One"
]