[
  "MsFBZUql9SOEyhx8z8uXEi",
  "Q_XfvMschJSjiR1-1mSm0d",
  "vkaKkAXjt2rPORP4VjYJvb"
]